Processing esp32-c6-devkitc-1 (platform: espressif32; board: esp32-c6-devkitc-1; framework: arduino)
--------------------------------------------------------------------------------
Verbose mode can be enabled via `-v, --verbose` option
CONFIGURATION: https://docs.platformio.org/page/boards/espressif32/esp32-c6-devkitc-1.html
PLATFORM: Espressif 32 (55.3.312) > Espressif ESP32-C6-DevKitC-1
HARDWARE: ESP32C6 160MHz, 320KB RAM, 8MB Flash
DEBUG: Current (cmsis-dap) External (cmsis-dap, esp-bridge, esp-builtin, esp-prog, esp-prog-2, iot-bus-jtag, jlink, minimodule, olimex-arm-usb-ocd, olimex-arm-usb-ocd-h, olimex-arm-usb-tiny-h, olimex-jtag-tiny, tumpa)
PACKAGES: 
 - contrib-piohome @ 3.4.4 
 - framework-arduinoespressif32 @ 3.3.12 
 - framework-arduinoespressif32-libs @ 5.5.5+sha.b774170ff46 
 - tool-esptoolpy @ 5.4.0 
 - tool-riscv32-esp-elf-gdb @ 17.1.0+20260402 
 - toolchain-riscv32-esp @ 14.2.0+20260121
LDF: Library Dependency Finder -> https://bit.ly/configure-pio-ldf
LDF Modes: Finder ~ chain, Compatibility ~ soft
Found 59 compatible libraries
Scanning dependencies...
Dependency Graph
|-- VL53L0X @ 1.3.1
|-- Adafruit MPU6050 @ 2.2.9
|-- BLE
|-- CommandHandler
|-- PIN
|-- Navigation
Building in release mode
Compiling .pio\build\esp32-c6-devkitc-1\lib751\CommandHandler\CommandHandler.cpp.o
Compiling .pio\build\esp32-c6-devkitc-1\FrameworkArduino\esp32-hal-i2c.c.o
Compiling .pio\build\esp32-c6-devkitc-1\FrameworkArduino\esp32-hal-ldo.c.o
Compiling .pio\build\esp32-c6-devkitc-1\FrameworkArduino\esp32-hal-ledc.c.o
Compiling .pio\build\esp32-c6-devkitc-1\FrameworkArduino\esp32-hal-log-wrapper.c.o
Compiling .pio\build\esp32-c6-devkitc-1\FrameworkArduino\esp32-hal-matrix.c.o
Compiling .pio\build\esp32-c6-devkitc-1\FrameworkArduino\esp32-hal-misc.c.o
Compiling .pio\build\esp32-c6-devkitc-1\FrameworkArduino\esp32-hal-periman.c.o
Compiling .pio\build\esp32-c6-devkitc-1\FrameworkArduino\esp32-hal-psram.c.o
Compiling .pio\build\esp32-c6-devkitc-1\FrameworkArduino\esp32-hal-rgb-led.c.o
Compiling .pio\build\esp32-c6-devkitc-1\FrameworkArduino\esp32-hal-rmt.c.o
Compiling .pio\build\esp32-c6-devkitc-1\FrameworkArduino\esp32-hal-sigmadelta.c.o
Compiling .pio\build\esp32-c6-devkitc-1\FrameworkArduino\esp32-hal-spi.c.o
Compiling .pio\build\esp32-c6-devkitc-1\FrameworkArduino\esp32-hal-time.c.o
Compiling .pio\build\esp32-c6-devkitc-1\FrameworkArduino\esp32-hal-timer.c.o
Compiling .pio\build\esp32-c6-devkitc-1\FrameworkArduino\esp32-hal-tinyusb.c.o
Compiling .pio\build\esp32-c6-devkitc-1\FrameworkArduino\esp32-hal-touch-ng.c.o
Compiling .pio\build\esp32-c6-devkitc-1\FrameworkArduino\esp32-hal-touch.c.o
Compiling .pio\build\esp32-c6-devkitc-1\FrameworkArduino\esp32-hal-uart.c.o
Compiling .pio\build\esp32-c6-devkitc-1\FrameworkArduino\firmware_msc_fat.c.o
Compiling .pio\build\esp32-c6-devkitc-1\FrameworkArduino\freertos_stats.cpp.o
Compiling .pio\build\esp32-c6-devkitc-1\FrameworkArduino\idf_openthread_mpool_wrapper.c.o
Compiling .pio\build\esp32-c6-devkitc-1\FrameworkArduino\libb64\cdecode.c.o
Compiling .pio\build\esp32-c6-devkitc-1\FrameworkArduino\libb64\cencode.c.o
Compiling .pio\build\esp32-c6-devkitc-1\FrameworkArduino\main.cpp.o
Compiling .pio\build\esp32-c6-devkitc-1\FrameworkArduino\stdlib_noniso.c.o
Compiling .pio\build\esp32-c6-devkitc-1\FrameworkArduino\wiring_pulse.c.o
Compiling .pio\build\esp32-c6-devkitc-1\FrameworkArduino\wiring_shift.c.o
